Scope: all 4 workspace projects
Progress: resolved 0, reused 52, downloaded 0, added 0
Packages are hard linked from the content-addressable store to the virtual store.
  Content-addressable store is at: C:\Users\Kisha\AppData\Local\pnpm\store\v11
  Virtual store is at:             node_modules/.pnpm
Downloading echarts@5.6.0: 0.00 B/10.43 MB
Progress: resolved 0, reused 127, downloaded 19, added 0
Progress: resolved 0, reused 132, downloaded 26, added 0
Downloading next@15.5.25: 0.00 B/31.01 MB
Progress: resolved 0, reused 132, downloaded 30, added 0
Downloading @img/sharp-win32-x64@0.35.4: 0.00 B/8.48 MB
[WARN] 1 deprecated subdependencies found: whatwg-encoding@3.1.1
Downloading @next/swc-win32-x64-msvc@15.5.25: 0.00 B/46.74 MB
Downloading @next/swc-win32-x64-msvc@15.5.25: 21.06 MB/46.74 MB
Progress: resolved 95, reused 132, downloaded 37, added 88
Progress: resolved 182, reused 132, downloaded 38, added 167
Progress: resolved 182, reused 132, downloaded 39, added 167
Progress: resolved 182, reused 132, downloaded 40, added 167
Downloading echarts@5.6.0: 10.43 MB/10.43 MB, done
Downloading next@15.5.25: 15.47 MB/31.01 MB
Downloading next@15.5.25: 24.01 MB/31.01 MB
Downloading next@15.5.25: 31.01 MB/31.01 MB, done
Progress: resolved 182, reused 132, downloaded 52, added 177
Progress: resolved 182, reused 132, downloaded 52, added 178
Packages: +182
++++++++++++++++++++++++++++++++++++++++++++++++++++++++++++++++++++++++++++++++
Progress: resolved 182, reused 132, downloaded 52, added 182, done

devDependencies:
+ typescript 5.9.3
+ vitest 3.2.7

Error: ERR_PNPM_IGNORED_BUILDS

  × installing dependencies
  ╰─▶ Ignored build scripts: esbuild@0.28.2
  help: Run "pnpm approve-builds" to pick which dependencies should be allowed
        to run scripts.

exit=1
